// Jest Snapshot v1, https://goo.gl/fbAQLP

exports[`CallLog component testing 1`] = `
Array [
  <header>
    <h2>
      Call Logs
    </h2>
  </header>,
  <a
    className="goRight"
    href="/"
    onClick={[Function]}
  >
    Home
  </a>,
  <table
    className="table table-striped"
  >
    <thead>
      <tr>
        <th
          scope="col"
        >
          Agent Name
        </th>
        <th
          scope="col"
        >
          Call date and time
        </th>
        <th
          scope="col"
        >
          Resolution
        </th>
      </tr>
    </thead>
    <tbody>
      <tr
        scope="col"
      >
        <td>
          Abraham Ellis
        </td>
        <td>
          05/10/2020 20:10:00
        </td>
        <td>
          need reschedule
        </td>
      </tr>
      <tr
        scope="col"
      >
        <td>
          Abraham Ellis
        </td>
        <td>
          06/10/2020 19:10:00
        </td>
        <td>
          interested
        </td>
      </tr>
      <tr
        scope="col"
      >
        <td>
          Abraham Ellis
        </td>
        <td>
          07/10/2020 20:10:00
        </td>
        <td>
          interested
        </td>
      </tr>
      <tr
        scope="col"
      >
        <td>
          Abraham Ellis
        </td>
        <td>
          07/10/2020 20:10:00
        </td>
        <td>
          no answer
        </td>
      </tr>
      <tr
        scope="col"
      >
        <td>
          Abraham Ellis
        </td>
        <td>
          07/10/2020 20:10:00
        </td>
        <td>
          no answer
        </td>
      </tr>
      <tr
        scope="col"
      >
        <td>
          Abraham Ellis
        </td>
        <td>
          07/10/2020 20:10:00
        </td>
        <td>
          interested
        </td>
      </tr>
      <tr
        scope="col"
      >
        <td>
          Abraham Ellis
        </td>
        <td>
          07/10/2020 20:10:00
        </td>
        <td>
          needs follow up
        </td>
      </tr>
      <tr
        scope="col"
      >
        <td>
          Abraham Ellis
        </td>
        <td>
          07/10/2020 20:10:00
        </td>
        <td>
          needs follow up
        </td>
      </tr>
      <tr
        scope="col"
      >
        <td>
          Abraham Ellis
        </td>
        <td>
          07/10/2020 20:10:00
        </td>
        <td>
          needs follow up
        </td>
      </tr>
      <tr
        scope="col"
      >
        <td>
          Abraham Ellis
        </td>
        <td>
          07/10/2020 20:10:00
        </td>
        <td>
          no answer
        </td>
      </tr>
      <tr
        scope="col"
      >
        <td>
          Abraham Ellis
        </td>
        <td>
          07/10/2020 20:10:00
        </td>
        <td>
          interested
        </td>
      </tr>
      <tr
        scope="col"
      >
        <td>
          Abraham Ellis
        </td>
        <td>
          07/10/2020 20:10:00
        </td>
        <td>
          interested
        </td>
      </tr>
      <tr
        scope="col"
      >
        <td>
          Abraham Ellis
        </td>
        <td>
          07/10/2020 20:10:00
        </td>
        <td>
          needs follow up
        </td>
      </tr>
    </tbody>
  </table>,
]
`;
